../Drivers/CMSIS/Include/core_cm4.h:2059:26:ITM_SendChar	16	static,ignoring_inline_asm
../Core/Src/main.c:51:5:_write	32	static
../Core/Src/main.c:59:6:TIM2_IRQHandler	4	static
../Core/Src/main.c:75:6:LPTIM1_IRQHandler	4	static
../Core/Src/main.c:94:6:disable_all_peripherals	4	static
../Core/Src/main.c:156:6:enable_some_peripherals	4	static
../Core/Src/main.c:176:5:main	96	static,ignoring_inline_asm
../Core/Src/main.c:281:6:SystemClock_Config	104	static
../Core/Src/main.c:331:13:MX_SPI3_Init	8	static
../Core/Src/main.c:371:13:MX_GPIO_Init	48	static
../Core/Src/main.c:430:6:Error_Handler	4	static,ignoring_inline_asm
